// Jest Snapshot v1, https://goo.gl/fbAQLP

exports[`renders and computes layout 1`] = `
<div>
  <div
    style="width: 200px; height: 133.3333px; top: 201px; left: 134.3333px;"
  >
    Box
  </div>
</div>
`;
